INSERT INTO "dab"."customer__idfr" (
    "customer_key", "customer_idfr",
    eff_tmstp, ver_tmstp, seq_nbr, row_st,
    data_key, inst_key, inst_row_key, popln_tmstp
)
SELECT
    md5(src."customer_idfr") AS "customer_key",
    src."customer_idfr",
    src.eff_tmstp,
    CURRENT_TIMESTAMP             AS ver_tmstp,
    1                             AS seq_nbr,
    'Y'                           AS row_st,
    'dab'                         AS data_key,
    'adventure_works'         AS inst_key,
    'adventure_works.customer'           AS inst_row_key,
    CURRENT_TIMESTAMP             AS popln_tmstp
FROM (
    SELECT 'CUSTOMER:' || CAST(customer_id AS VARCHAR) AS "customer_idfr",
           modified_date AS eff_tmstp
    FROM "das__adventure_works"."customer__current"
) src
WHERE NOT EXISTS (
    SELECT 1 FROM "dab"."customer__idfr" d
    WHERE d."customer_idfr" = src."customer_idfr"
      AND d.eff_tmstp = src.eff_tmstp
);
