INSERT INTO "dab"."customer" (
    "customer_key", eff_tmstp, ver_tmstp, row_st, data_key, popln_tmstp
)
SELECT
    "customer_key",
    MIN(eff_tmstp)    AS eff_tmstp,
    CURRENT_TIMESTAMP AS ver_tmstp,
    'Y'               AS row_st,
    'dab'             AS data_key,
    CURRENT_TIMESTAMP AS popln_tmstp
FROM "dab"."customer__idfr"
GROUP BY "customer_key"
ON CONFLICT ("customer_key") DO UPDATE
SET eff_tmstp   = LEAST(eff_tmstp,  EXCLUDED.eff_tmstp),
    ver_tmstp   = EXCLUDED.ver_tmstp,
    popln_tmstp = EXCLUDED.popln_tmstp;
